/Users/ssr/Library/Python/3.9/lib/python/site-packages/urllib3/__init__.py:35: NotOpenSSLWarning: urllib3 v2 only supports OpenSSL 1.1.1+, currently the 'ssl' module is compiled with 'LibreSSL 2.8.3'. See: https://github.com/urllib3/urllib3/issues/3020
  warnings.warn(
2026-01-31 00:17:36,262 [WARNING] Liquidation monitor not available
2026-01-31 00:17:36,517 [WARNING] Liquidation monitor not available
2026-01-31 00:17:38,045 [INFO] [MVStraddleRoutes] Module loading...
2026-01-31 00:17:38,045 [INFO] [MVStraddleRoutes] Blueprint created with prefix: /api/mv-straddle
2026-01-31 00:17:38.107 | INFO     | bot.api.unified_api_client:__init__:199 - ✅ UnifiedAPIClient initialized (WebSocket: False, Required: False)
2026-01-31 00:17:38.107 | WARNING  | bot.strategy.zero_dte.config:load_config:31 - Config file not found at /Users/ssr/Projects/WorkingBot/bot/config/zero_dte_config.yaml, using defaults
2026-01-31 00:17:38.108 | INFO     | bot.strategy.zero_dte.state_manager:__init__:43 - StateManager initialized with DB dir: database
2026-01-31 00:17:38.108 | INFO     | bot.strategy.zero_dte.engine:__init__:76 - ZeroDTEEngine initialized: 0DTE Premium Balancer
2026-01-31 00:17:38.108 | INFO     | bot.api.zero_dte_api:init_engine:51 - 0DTE Engine initialized
✅ Detected config file: config.yaml
📖 Loading configuration from: config.yaml
✅ Configuration loaded and validated successfully
✅ Loaded config v5.0 with symbols: BTCUSD, ETHUSD
✅ Trading mode: live
✅ API credentials loaded from secrets/api_keys.env (Key: hQCNEUH7...)
✓ Mode Switcher API routes registered
✅ Registered blueprint 1/39: yaml_config
✅ Registered blueprint 2/39: resolved_state
✅ Registered blueprint 3/39: utility
✅ Registered blueprint 5/39: logs
✅ Registered blueprint 6/39: docs
✅ Registered blueprint 7/39: metrics
✅ Registered blueprint 8/39: websocket_api
✅ Registered blueprint 9/39: system
✅ Registered blueprint 10/39: monitor
✅ Registered blueprint 11/39: guardian
✅ Registered blueprint 12/39: pm2
✅ Registered blueprint 13/39: orders
✅ Registered blueprint 14/39: pnl
✅ Registered blueprint 15/39: positions
✅ Registered blueprint 16/39: bot_control
✅ Registered blueprint 17/39: todos
✅ Registered blueprint 18/39: risk
✅ Registered blueprint 19/39: capital
✅ Registered blueprint 20/39: recon
✅ Registered blueprint 21/39: robustness
✅ Registered blueprint 22/39: emergency
✅ Registered blueprint 23/39: ai
✅ Registered blueprint 24/39: liquidation
✅ Registered blueprint 25/39: strategy
✅ Registered blueprint 26/39: dynamic_brain
✅ Registered blueprint 27/39: prediction
✅ Registered blueprint 28/39: grid_mode
✅ Registered blueprint 29/39: monitoring
✅ Registered blueprint 30/39: unified_safety
✅ Registered blueprint 31/39: market
✅ Registered blueprint 32/39: ticker
✅ Registered blueprint 33/39: trades
✅ Registered blueprint 34/39: analytics
✅ Registered blueprint 35/39: performance
✅ Registered blueprint 36/39: chart
✅ Registered blueprint 37/39: backtest
✅ Registered blueprint 38/39: strategies
✅ Registered blueprint 39/39: brain_analyzer
✅ Registered file_manager blueprint
✅ Registered mode_switcher blueprint
✅ Registered system_health blueprint
✅ Registered instance_manager blueprint
✅ Registered code_explainer blueprint
✅ Registered recovery blueprint
✅ Registered reconciliation blueprint
✅ Registered settings blueprint
✅ Registered symbols blueprint (v5.0 multi-symbol)
✅ TradeLogger initialized. Trades file: /Users/ssr/Projects/WorkingBot/webui/backend/data/options_trades.csv
✅ Registered options blueprint (options trading module)
✅ Registered Kelly Criterion blueprint (institutional position sizing)
✅ Registered Experimental blueprint (auto-delta hedging, Greeks)
✅ Registered delta_data blueprint (advanced data collection, OHLCV, streaming)
✅ Registered options_chain blueprint (options chain market data)
✅ Registered options_strategy blueprint (multi-leg strategy builder)
✅ Registered mv_straddle_native blueprint (Delta Exchange MV Straddle product)
✅ Registered futures blueprint (futures positions panel)
✅ Registered futures_trading blueprint (buy/sell/close operations)
✅ Registered futures_max_loss blueprint (overnight protection)
✅ Registered production_monitoring blueprint (health, risk, rate limits)
✅ Registered zero_dte blueprint (0DTE autonomous strangle strategy)
✅ Registered position_liquidation blueprint (Delta Exchange India improvements)
✅ TradeLogger initialized. Trades file: /Users/ssr/Projects/WorkingBot/webui/backend/data/options_trades.csv
✅ Loaded existing ML model trained on unknown trades
✅ OptionsMLModel initialized. Trained: True
✅ TradeLogger initialized. Trades file: /Users/ssr/Projects/WorkingBot/webui/backend/data/options_trades.csv
Loaded 2637 trades from /Users/ssr/Projects/WorkingBot/webui/backend/options_strategy/data/delta_trades.json
✅ Registered ml_trading blueprint (ML trade learning and automation)
[AlertDB] Initialized alerts database at /Users/ssr/Projects/WorkingBot/webui/backend/db/../../data/alerts.db
✅ Registered alerts blueprint (price alerts with Telegram/ntfy notifications)
✅ Registered 64 total blueprints
✅ Overrode /api/config/all with YAML-based endpoint
🔧 Using config port: 5555
================================================================================
❌ ERROR: WebUI instance is already running!
================================================================================

To stop the existing instance:
  • Check LaunchAgent: launchctl list | grep gridbot.webui
  • Stop it: launchctl stop com.gridbot.webui
  • Or kill process: kill <PID>
================================================================================
